<?xml version="1.0" encoding="utf-16"?>
<FlowDocument Style="{x:Null}" xmlns="http://schemas.microsoft.com/winfx/2006/xaml/presentation" xmlns:x="http://schemas.microsoft.com/winfx/2006/xaml">
  <Paragraph>
    <Italic Tag="Italic">This text will be italic</Italic>
  </Paragraph>
  <Paragraph>
    <Bold Tag="Bold">This text will be bold</Bold>
  </Paragraph>
  <Paragraph>~~This text will be striketrhough~~</Paragraph>
  <Paragraph>
    <Bold Tag="Bold">This text will be underline</Bold>
  </Paragraph>
</FlowDocument>
