<?xml version="1.0" encoding="utf-16"?>
<FlowDocument Style="{x:Null}" xmlns="http://schemas.microsoft.com/winfx/2006/xaml/presentation" xmlns:x="http://schemas.microsoft.com/winfx/2006/xaml">
  <Paragraph>
    <Hyperlink Tag="Hyperlink">asdf</Hyperlink><LineBreak /><Span Tag="Abbr">asdf</Span><LineBreak /><Span Tag="Abbr">asdf</Span><LineBreak /><Bold Tag="Bold">asdf</Bold><LineBreak /><Span Tag="Bdi">asdf</Span><LineBreak /><Span Tag="Cite">asdf</Span><LineBreak /><Span Tag="Strikethrough"><Span.TextDecorations><TextDecoration Location="Strikethrough" /></Span.TextDecorations>asdf</Span><LineBreak /><Italic Tag="Italic">asdf</Italic><LineBreak /><Italic Tag="Italic">asdf</Italic><LineBreak /><Underline Tag="Underline">asdf</Underline><LineBreak /><Span Tag="Mark">asdf</Span><LineBreak /><Span Tag="Strikethrough"><Span.TextDecorations><TextDecoration Location="Strikethrough" /></Span.TextDecorations>asdf</Span><LineBreak /><Span Tag="Strikethrough"><Span.TextDecorations><TextDecoration Location="Strikethrough" /></Span.TextDecorations>asdf</Span><LineBreak /><Bold Tag="Bold">asdf</Bold><LineBreak /><Span Tag="Subscript" Typography.Variants="Subscript">asdf</Span><LineBreak /><Span Tag="Superscript" Typography.Variants="Superscript">asdf</Span><LineBreak /><Underline Tag="Underline">asdf</Underline><LineBreak /></Paragraph>
</FlowDocument>
